# R4-01 command log (actual)

# Repro FIRST (pre-fix), after temporarily stashing runtime_bridge.dart,
# runtime_controller.dart and counting_runtime_bridge.dart:
flutter test test/repair/r4_01_repro_test.dart -r expanded
  explicit apply retries ... [E] Expected <2> Actual <1>
  F5 retries a repaired failure ... [E] Expected <2> Actual <1>
  a pending command reports busy ... [E] Expected true Actual false
  Some tests failed.

# Restored changes (git stash pop), then:
flutter analyze
  No issues found!
flutter test test/repair/r4_01_repro_test.dart test/r4_01_contract_test.dart test/r4_02_contract_test.dart
  All tests passed (18).
flutter test test/runtime_controller_test.dart test/recheck_r01_runtime_reload_test.dart test/sr03_restore_lifecycle_test.dart test/fix11_monitor_session_test.dart test/r3_01_07_10_test.dart test/rr_mon_rebind_test.dart
  All tests passed!
flutter test test/recheck02_active_apply_test.dart
  All tests passed!
flutter test test/t18b_runtime_ui_test.dart
  All tests passed!
cargo fmt --all -- --check
  (no output)
cargo clippy --workspace --all-targets --locked -- -D warnings
  Finished dev profile
cargo test --workspace --locked -- --test-threads=1
  EXIT=0
flutter build windows --release
  Built build\windows\x64\runner\Release\v2rayn_desktop.exe

# Note: parallel `cargo test --workspace` flaked on two local-endpoint subs
# scheduler tests (E_UNAVAILABLE, port/resource contention); single-threaded
# full run passed.
