    Finished `test` profile [unoptimized + debuginfo] target(s) in 0.35s
     Running unittests src\lib.rs (target\debug\deps\application-7735c105c4c3edff.exe)

running 183 tests
test custom::tests::rejects_bad_pre_socks_port ... ok
test custom::tests::accepts_json_object_text ... ok
test custom::tests::rejects_scalar_text ... ok
test custom::tests::requires_remarks_and_address ... ok
test dns::tests::parse_dns_template_rejects_invalid ... ok
test dns::tests::parse_dns_template_reads_pascal_and_camel ... ok
test dns::tests::dns_row_round_trip ... ok
test codegen::tests::active_file_type_custom_consumes_outbound_contents ... ok
test dns::tests::parse_simple_dns_template_reads_fields ... ok
test dns::tests::template_url_joins_with_single_slash ... ok
test dns::tests::effective_sources_use_settings_then_builtin ... ok
test dns::tests::region_sources_match_upstream_global_arrays ... ok
test custom::tests::accepts_yaml_mapping_text ... ok
test dns::tests::singbox_dns_rejects_typeless_servers ... ok
test codegen::tests::engine_input_generates_xray_balancer ... ok
test codegen::tests::engine_input_generates_singbox_selector ... ok
test engine::tests::capability_table_matches_upstream_sets ... ok
test engine::tests::apply_runtime_rejects_stale_revision ... ok
test engine::tests::apply_runtime_submits_plan_and_returns_operation ... ok
test engine::tests::applied_session_reports_apply_target_not_later_selection ... ok
test engine::tests::active_set_is_idempotent_and_switches ... ok
test engine::tests::busy_restart_keeps_previous_applied_endpoint ... ok
test engine::tests::delete_sub_items_removes_orphan_nodes ... ok
test engine::tests::failed_candidate_does_not_publish_endpoint ... ok
test engine::tests::cancel_job_is_idempotent ... ok
test engine::tests::monitor_session_consumes_applied_session_facts ... ok
test engine::tests::desired_active_does_not_publish_endpoint_until_running ... ok
test engine::tests::runtime_marking_reconciles_snapshot ... ok
test engine::tests::save_profile_rejects_stale_revision ... ok
test engine::tests::regional_preset_writes_upstream_sources_into_settings ... ok
test engine::tests::running_session_publishes_actual_endpoint_and_stop_withdraws ... ok
test groups::tests::normalizes_child_order_and_group_type ... ok
test groups::tests::rejects_cycle ... ok
test engine::tests::replace_sub_profiles_failure_keeps_old_nodes ... ok
test groups::tests::rejects_invalid_filter_regex ... ok
test groups::tests::rejects_missing_child ... ok
test jobs::tests::active_excludes_terminal_jobs ... ok
test jobs::tests::cancel_is_idempotent_from_manager ... ok
test jobs::tests::past_safe_point_is_not_cancellable ... ok
test jobs::tests::finished_job_reports_already_finished ... ok
test jobs::tests::token_is_shared_with_body ... ok
test mixin::tests::rejects_non_mapping_base ... ok
test mixin::tests::none_log_level_becomes_silent ... ok
test engine::tests::save_profile_validates_field ... ok
test mixin::tests::rewrites_runtime_keys ... ok
test mixin::tests::mixin_overwrites_and_merges_lists ... ok
test groups::tests::sub_children_filter_and_order ... ok
test mixin::tests::removed_directive_drops_matching_prefix ... ok
test monitor::tests::clash_support_is_mihomo_singbox_only ... ok
test engine::tests::settings_invalid_port_does_not_change_old_value ... ok
test mixin::tests::tun_section_merges_only_when_enabled ... ok
test monitor::tests::classifies_proxy_and_direct_buckets ... ok
test monitor::tests::clear_all_empties_memory_and_store ... ok
test monitor::tests::control_events_survive_log_flood ... ok
test monitor::tests::disabled_service_ignores_samples ... ok
test monitor::tests::epoch_day_buckets ... ok
test monitor::tests::generation_change_resets_session_but_keeps_nodes ... ok
test monitor::tests::log_batch_envelope_ingests_entries ... ok
test engine::tests::snapshot_reports_saved_not_applied ... ok
test monitor::tests::log_filter_and_pause ... ok
test monitor::tests::log_ring_drops_oldest_and_counts_overflow ... ok
test monitor::tests::proxy_retry_budget_matches_upstream ... ok
test monitor::tests::ring_buffer_type_is_public ... ok
test monitor::tests::throttle_does_not_lose_cumulative_bytes ... ok
test monitor::tests::today_rollover_resets_today_but_keeps_total ... ok
test net_host_client::tests::missing_tun_detail_stays_missing ... ok
test net_host_client::tests::tun_detail_maps_into_snapshot_status ... ok
test engine::tests::settings_unlinked_actions_report_not_restart ... ok
test engine::tests::settings_group_save_is_scoped_and_revision_checked ... ok
test platform_service::tests::autostart_toggle_writes_and_removes ... ok
test platform_service::tests::derived_ports_match_upstream_offsets ... ok
test platform_service::tests::exit_restore_force_clears_non_unchanged_mode ... ok
test platform_service::tests::exit_restore_from_unchanged_is_safe ... ok
test engine::tests::settings_save_rejects_stale_and_keeps_old_value ... ok
test platform_service::tests::externally_modified_field_is_kept_and_reported ... ok
test platform_service::tests::forced_change_sets_enabled_server_bypass ... ok
test platform_service::tests::forced_clear_clears_everything ... ok
test platform_service::tests::mode_helpers_round_trip ... ok
test platform_service::tests::pac_rejects_port_below_reserved_base ... ok
test platform_service::tests::pac_requires_url_and_sets_autoconfig ... ok
test platform_service::tests::repeated_apply_keeps_only_current_write_set ... ok
test platform_service::tests::restore_is_idempotent ... ok
test platform_service::tests::restore_returns_to_original_when_still_owned ... ok
test platform_service::tests::unchanged_writes_nothing_and_records_no_ownership ... ok
test repository::tests::filter_by_text_and_type ... ok
test groups::tests::builtin_all_filter_compiles_and_excludes ... ok
test repository::tests::revision_store_bumps_and_checks ... ok
test repository::tests::upsert_and_get_roundtrip ... ok
test repository::tests::upsert_requires_index_id ... ok
test runtime_client::tests::snapshot_carries_no_tun_lease_by_default ... ok
test routing::tests::export_is_camel_case_without_id_and_round_trips ... ok
test routing::tests::import_rejects_invalid_and_empty ... ok
test routing::tests::import_accepts_upstream_camel_case_and_keeps_extras ... ok
test routing::tests::row_round_trip_preserves_all_fields ... ok
test engine::tests::build_codegen_input_uses_settings_srs_source ... ok
test runtime_client::tests::null_client_records_plan_and_marks_running ... ok
test routing::tests::merge_import_append_and_replace ... ok
test repository::tests::query_pages_with_cursor ... ok
test runtime_client::tests::tun_status_roundtrips_and_compares ... ok
test settings::tests::group_patch_rejects_unknown_group ... ok
test settings::tests::normalize_is_idempotent ... ok
test settings::tests::outcome_reports_next_launch_and_core ... ok
test settings::tests::outcome_splits_timings ... ok
test settings::tests::validate_rejects_non_numeric_max_split ... ok
test settings::tests::validate_rejects_out_of_range_port ... ok
test snapshot::tests::snapshot_in_sync_when_equal ... ok
test snapshot::tests::snapshot_reports_pending_when_desired_ahead ... ok
test snapshot::tests::snapshot_without_tun_stays_without_tun ... ok
test settings::tests::group_patch_replaces_only_target_group ... ok
test snapshot::tests::tun_status_flows_into_snapshot ... ok
test settings::tests::group_patch_preserves_unknown_keys ... ok
test speedtest::tests::apply_order_is_noop_for_empty_list ... ok
test speedtest::tests::apply_order_writes_step_ten_and_reads_back_stably ... ok
test speedtest::tests::clear_statistics_does_not_touch_test_results ... ok
test speedtest::tests::parse_url_handles_schemes_ports_and_paths ... ok
test speedtest::tests::profile_ex_closure_applies_and_removes_invalid ... ok
test speedtest::tests::snapshot_records_source_revision_and_frozen_nodes ... ok
test speedtest::tests::settings_normalize_matches_domain_contract ... ok
test speedtest::tests::test_port_floor_is_enforced ... ok
test store_repo::tests::round_trips_all_extras_through_sqlite ... ok
test monitor::tests::clash_default_delay_url_matches_upstream_speed_ping_default ... ok
test monitor::tests::clash_delay_url_override_ignores_blank ... ok
test subs::tests::build_candidates_honors_custom_core_hint ... ok
test store_repo::tests::sqlite_replace_for_sub_rolls_back_on_injected_failure ... ok
test subs::tests::download_configured_uses_converter_and_skips_more_url ... ok
test subs::tests::is_due_respects_interval_and_enabled ... ok
test subs::tests::more_urls_split_and_trim ... ok
test subs::tests::request_headers_must_be_string_object ... ok
test subs::tests::request_headers_reject_case_insensitive_duplicates ... ok
test subs::tests::row_roundtrip_keeps_all_fields ... ok
test subs::tests::converted_pipeline_replaces_group_with_converted_nodes ... ok
test subs::tests::convert_failure_preserves_old_group ... ok
test subs::tests::scheduler_pass_skips_subscriptions_not_yet_due ... ok
test subs::tests::scheduler_proxy_choice_prefers_endpoint_else_direct ... ok
test subs::tests::scheduler_pass_downloads_due_subscription_from_local_endpoint ... ok
test subs::tests::subscription_request_url_builds_convert_request_for_target ... ok
test subs::tests::validate_allows_empty_url_plain_group ... ok
test subs::tests::validate_rejects_bad_url_and_headers ... ok
test subs::tests::validate_still_rejects_invalid_nonempty_url ... ok
test subs::tests::via_proxy_with_endpoint_is_not_reported_unavailable ... ok
test subs::tests::via_proxy_without_endpoint_returns_proxy_unavailable ... ok
test subs::tests::scheduler_stop_exits_loop_without_residual_timer ... ok
test monitor::tests::bound_sqlite_store_persists_and_reloads_server_stat_items ... ok
test synthetic::tests::paging_matches_full_generation ... ok
test synthetic::tests::synthetic_data_uses_reserved_ranges_only ... ok
test synthetic::tests::synthetic_full_profile_is_valid ... ok
test templates::tests::accepts_valid_json ... ok
test synthetic::tests::generates_requested_count ... ok
test templates::tests::builtins_cover_both_cores ... ok
test templates::tests::empty_template_is_valid ... ok
test templates::tests::normalize_fills_id_and_remarks ... ok
test templates::tests::rejects_invalid_json ... ok
test templates::tests::rejects_non_object_json ... ok
test tun_plan::tests::attach_rejects_invalid_spec ... ok
test tun_plan::tests::attach_round_trips_through_plan_and_is_idempotent ... ok
test tun_plan::tests::bad_route_exclude_is_rejected ... ok
test tun_plan::tests::bare_ip_is_rejected_with_field ... ok
test tun_plan::tests::disabled_tun_builds_nothing ... ok
test tun_plan::tests::explicit_ipv4_cidr_is_used ... ok
test tun_plan::tests::ipv6_included_only_when_enabled_with_address ... ok
test tun_plan::tests::missing_ipv4_falls_back_to_upstream_default ... ok
test tun_plan::tests::nonpositive_mtu_falls_back_to_1280 ... ok
test tun_plan::tests::out_of_range_mtu_is_rejected ... ok
test tun_plan::tests::zero_interface_index_is_rejected ... ok
test update_service::tests::apply_core_refuses_application_target ... ok
test update_service::tests::detached_signature_enforcement_rejects_wrong_and_missing ... ok
test update_service::tests::explicit_with_api_base_wins ... ok
test update_service::tests::override_is_honoured_and_validated_in_debug ... ok
test synthetic::tests::blocking_probe_measures_elapsed ... ok
test engine::tests::settings_round_trip_persists_and_reloads ... ok
test update_service::tests::install_layout_is_resolved_by_runtime_locator ... ok
test speedtest::tests::cancel_at_safe_point_stops_and_retains_completed ... ok
test speedtest::tests::open_failure_is_reported_not_faked ... ok
test speedtest::tests::mixed_test_reports_delay_and_speed ... ok
test speedtest::tests::fast_real_ping_aliases_real_ping ... ok
test speedtest::tests::failed_delay_skips_download ... ok
test speedtest::tests::cancel_interrupts_real_ping_and_closes_every_session ... ok
test speedtest::tests::udp_without_support_is_explicitly_unavailable ... ok
test speedtest::tests::real_ping_opens_and_closes_one_session_per_node ... ok
test speedtest::tests::per_node_sessions_never_exceed_mixed_concurrency ... ok
test speedtest::tests::tcping_measures_open_port_and_fails_closed_port ... ok
test speedtest::tests::tcping_pool_runs_and_produces_stable_ids ... ok
test subs::tests::scheduler_pass_reports_unavailable_endpoint_not_fake_success ... ok

test result: ok. 183 passed; 0 failed; 0 ignored; 0 measured; 0 filtered out; finished in 2.07s

