   Compiling proc-macro2 v1.0.107
   Compiling unicode-ident v1.0.26
   Compiling quote v1.0.47
   Compiling cfg-if v1.0.5
   Compiling version_check v0.9.5
   Compiling typenum v1.20.1
   Compiling subtle v2.6.1
   Compiling const-oid v0.9.6
   Compiling itoa v1.0.18
   Compiling serde_core v1.0.229
   Compiling hashbrown v0.17.1
   Compiling equivalent v1.0.2
   Compiling serde v1.0.229
   Compiling memchr v2.8.3
   Compiling bytes v1.12.1
   Compiling cpufeatures v0.2.17
   Compiling getrandom v0.2.17
   Compiling windows-link v0.2.1
   Compiling zmij v1.0.23
   Compiling base64ct v1.8.3
   Compiling rand_core v0.6.4
   Compiling windows-sys v0.61.2
   Compiling serde_json v1.0.151
   Compiling once_cell v1.21.4
   Compiling zerocopy v0.8.53
   Compiling generic-array v0.14.7
   Compiling pin-project-lite v0.2.17
   Compiling find-msvc-tools v0.1.14
   Compiling shlex v2.0.1
   Compiling pem-rfc7468 v0.7.0
   Compiling smallvec v1.16.2
   Compiling stable_deref_trait v1.2.1
   Compiling futures-core v0.3.34
   Compiling fnv v1.0.7
   Compiling radium v0.7.0
   Compiling indexmap v2.14.2
   Compiling crc32fast v1.5.2
   Compiling log v0.4.34
   Compiling tap v1.0.1
   Compiling http v1.4.2
   Compiling wyz v0.5.1
   Compiling simd-adler32 v0.3.10
   Compiling cc v1.5.1
   Compiling base16ct v0.2.0
   Compiling futures-sink v0.3.34
   Compiling funty v2.0.0
   Compiling slab v0.4.12
   Compiling adler2 v2.0.1
   Compiling libm v0.2.16
   Compiling zlib-rs v0.6.8
   Compiling autocfg v1.5.1
   Compiling syn v2.0.119
   Compiling syn v3.0.6
   Compiling miniz_oxide v0.9.1
   Compiling litemap v0.8.2
   Compiling httparse v1.10.1
   Compiling writeable v0.6.3
   Compiling rustversion v1.0.23
   Compiling bitvec v1.1.1
   Compiling utf8_iter v1.0.4
   Compiling num-traits v0.2.19
   Compiling alloc-no-stdlib v2.0.4
   Compiling icu_properties_data v2.2.0
   Compiling futures-task v0.3.34
   Compiling icu_normalizer_data v2.2.0
   Compiling alloc-stdlib v0.2.2
   Compiling http-body v1.0.1
   Compiling tracing-core v0.1.36
   Compiling untrusted v0.9.0
   Compiling thiserror v2.0.21
   Compiling percent-encoding v2.3.2
   Compiling brotli-decompressor v5.0.0
   Compiling libc v0.2.189
   Compiling atomic-waker v1.1.2
   Compiling getrandom v0.3.4
   Compiling tracing v0.1.44
   Compiling semver v1.0.28
   Compiling ring v0.17.14
   Compiling try-lock v0.2.5
   Compiling windows_x86_64_msvc v0.52.6
   Compiling rustls v0.23.38
   Compiling strsim v0.11.1
   Compiling tower-service v0.3.3
   Compiling ident_case v1.0.1
   Compiling rustc_version v0.4.1
   Compiling want v0.3.1
   Compiling futures-channel v0.3.34
   Compiling compression-core v0.4.31
   Compiling brotli v8.0.2
   Compiling base64 v0.22.1
   Compiling winnow v1.0.4
   Compiling bitflags v2.13.2
   Compiling curve25519-dalek v4.1.3
   Compiling ff v0.13.1
   Compiling group v0.13.0
   Compiling encoding_rs v0.8.42
   Compiling form_urlencoded v1.2.2
   Compiling sync_wrapper v1.0.2
   Compiling aho-corasick v1.1.5
   Compiling num-integer v0.1.47
   Compiling ahash v0.8.12
   Compiling ryu v1.0.23
   Compiling spin v0.9.9
   Compiling regex-syntax v0.8.11
   Compiling num-bigint-dig v0.8.6
   Compiling ipnet v2.12.0
   Compiling tower-layer v0.3.3
   Compiling toml_datetime v1.1.1+spec-1.1.0
   Compiling num-iter v0.1.46
   Compiling lazy_static v1.5.0
   Compiling windows-targets v0.52.6
   Compiling rand_core v0.9.5
   Compiling http-body-util v0.1.3
   Compiling core_detect v1.0.0
   Compiling multiversion_no_op v1.0.0
   Compiling toml_parser v1.1.3+spec-1.1.0
   Compiling iri-string v0.7.12
   Compiling pkg-config v0.3.33
   Compiling simdutf8 v0.1.5
   Compiling opaque-debug v0.3.1
   Compiling ppv-lite86 v0.2.21
   Compiling unicode-segmentation v1.13.3
   Compiling synstructure v0.13.2
   Compiling darling_core v0.20.11
   Compiling thiserror v1.0.69
   Compiling flate2 v1.1.10
   Compiling rand_chacha v0.3.1
   Compiling toml_edit v0.25.15+spec-1.1.0
   Compiling vcpkg v0.2.15
   Compiling scopeguard v1.2.0
   Compiling rand v0.8.8
   Compiling convert_case v0.10.0
   Compiling rand_chacha v0.9.0
   Compiling serde_derive v1.0.229
   Compiling tokio-macros v2.7.2
   Compiling futures-macro v0.3.34
   Compiling thiserror-impl v2.0.21
   Compiling regex-automata v0.4.18
   Compiling mio v1.2.3
   Compiling socket2 v0.6.4
   Compiling compression-codecs v0.4.37
   Compiling tokio v1.53.1
   Compiling futures-util v0.3.34
   Compiling schannel v0.1.29
   Compiling libsqlite3-sys v0.30.1
   Compiling proc-macro-crate v3.5.0
   Compiling zeroize_derive v1.5.0
   Compiling zerofrom-derive v0.1.7
   Compiling yoke-derive v0.8.2
   Compiling zerovec-derive v0.11.3
   Compiling displaydoc v0.2.6
   Compiling zeroize v1.9.0
   Compiling darling_macro v0.20.11
   Compiling curve25519-dalek-derive v0.1.1
   Compiling der v0.7.10
   Compiling rustls-pki-types v1.15.1
   Compiling darling v0.20.11
   Compiling regex v1.13.1
   Compiling derive_builder_core v0.20.2
   Compiling thiserror-impl v1.0.69
   Compiling rustls-webpki v0.103.12
   Compiling rustls-native-certs v0.8.4
   Compiling crypto-common v0.1.7
   Compiling block-buffer v0.10.4
   Compiling inout v0.1.4
   Compiling digest v0.10.7
   Compiling crypto-bigint v0.5.5
   Compiling universal-hash v0.5.1
   Compiling cipher v0.4.4
   Compiling aead v0.5.2
   Compiling dbl v0.3.2
   Compiling polyval v0.6.2
   Compiling spki v0.7.3
   Compiling hmac v0.12.1
   Compiling signature v2.2.0
   Compiling sha2 v0.10.9
   Compiling zerofrom v0.1.8
   Compiling sha1 v0.10.7
   Compiling yoke v0.8.3
   Compiling pkcs8 v0.10.2
   Compiling hkdf v0.12.4
   Compiling rfc6979 v0.4.0
   Compiling ctr v0.9.2
   Compiling aes v0.8.4
   Compiling zerovec v0.11.6
   Compiling zerotrie v0.2.4
   Compiling windows-result v0.2.0
   Compiling keccak v0.1.6
   Compiling heck v0.5.0
   Compiling crc24 v0.1.6
   Compiling bumpalo v3.20.3
   Compiling mime v0.3.17
   Compiling unicode-xid v0.2.6
   Compiling serdect v0.2.0
   Compiling domain v0.1.0 (C:\Users\Colby\AppData\Local\Temp\opencode\r4_32_clean\crates\domain)
   Compiling serde_urlencoded v0.7.1
   Compiling tinystr v0.8.3
   Compiling sec1 v0.7.3
   Compiling potential_utf v0.1.5
   Compiling byteorder v1.5.0
   Compiling icu_collections v2.2.0
   Compiling zopfli v0.8.3
   Compiling icu_locale_core v2.2.0
   Compiling derive_more-impl v2.1.1
   Compiling serdect v0.3.0
   Compiling snafu-derive v0.8.9
   Compiling elliptic-curve v0.13.8
   Compiling sha3 v0.10.9
   Compiling windows-strings v0.1.0
   Compiling hashbrown v0.14.5
   Compiling derive_builder_macro v0.20.2
   Compiling pkcs1 v0.7.5
   Compiling ed25519 v2.2.3
   Compiling ecdsa v0.16.9
   Compiling tokio-util v0.7.18
   Compiling icu_provider v2.2.0
   Compiling tower v0.5.3
   Compiling async-compression v0.4.41
   Compiling primeorder v0.13.6
   Compiling ghash v0.5.1
   Compiling icu_properties v2.2.0
   Compiling icu_normalizer v2.2.0
   Compiling cmac v0.7.2
   Compiling blake2 v0.10.6
   Compiling h2 v0.4.13
   Compiling bitfields-impl v0.9.4
   Compiling tower-http v0.6.8
   Compiling num_enum_derive v0.7.6
   Compiling windows-implement v0.58.0
   Compiling windows-interface v0.58.0
   Compiling rand v0.9.4
   Compiling password-hash v0.5.0
   Compiling data-encoding v2.11.1
   Compiling minimal-lexical v0.2.1
   Compiling utf-8 v0.7.6
   Compiling hex v0.4.3
   Compiling snafu v0.8.9
   Compiling tungstenite v0.26.2
   Compiling idna_adapter v1.2.2
   Compiling nom v7.1.3
   Compiling idna v1.1.0
   Compiling windows-core v0.58.0
   Compiling argon2 v0.5.3
   Compiling derive_more v2.1.1
   Compiling tokio-rustls v0.26.4
   Compiling num_enum v0.7.6
   Compiling p521 v0.13.3
   Compiling bitfields v0.12.4
   Compiling p384 v0.13.1
   Compiling url v2.5.8
   Compiling p256 v0.13.2
   Compiling eax v0.5.0
   Compiling aes-gcm v0.10.3
   Compiling k256 v0.13.4
   Compiling hashlink v0.9.1
   Compiling derive_builder v0.20.2
   Compiling rsa v0.9.10
   Compiling dsa v0.6.3
   Compiling ed25519-dalek v2.2.0
   Compiling cx448 v0.1.1
   Compiling zip v4.6.1
   Compiling x25519-dalek v2.0.1
   Compiling blowfish v0.9.1
   Compiling hyper v1.9.0
   Compiling camellia v0.1.0
   Compiling aes-kw v0.2.1
   Compiling ocb3 v0.1.0
   Compiling sha1-checked v0.10.0
   Compiling cfb-mode v0.8.2
   Compiling twofish v0.7.1
   Compiling des v0.8.1
   Compiling idea v0.5.1
   Compiling cast5 v0.11.1
   Compiling ripemd v0.1.3
   Compiling md-5 v0.10.6
   Compiling block-padding v0.3.3
   Compiling chrono v0.4.45
   Compiling buffer-redux v1.1.0
   Compiling unsafe-libyaml v0.2.11
   Compiling fallible-iterator v0.3.0
   Compiling fallible-streaming-iterator v0.1.9
   Compiling ipc_contract v0.1.0 (C:\Users\Colby\AppData\Local\Temp\opencode\r4_32_clean\crates\ipc_contract)
   Compiling windows v0.58.0
   Compiling tokio-tungstenite v0.26.2
   Compiling urlencoding v2.1.3
   Compiling getrandom v0.4.3
   Compiling rusqlite v0.32.1
   Compiling config_codegen v0.1.0 (C:\Users\Colby\AppData\Local\Temp\opencode\r4_32_clean\crates\config_codegen)
   Compiling platform v0.1.0 (C:\Users\Colby\AppData\Local\Temp\opencode\r4_32_clean\crates\platform)
   Compiling rustls-pemfile v2.2.0
   Compiling hyper-util v0.1.20
   Compiling serde_yaml v0.9.34+deprecated
   Compiling fastrand v2.5.0
   Compiling ascii v1.1.0
   Compiling httpdate v1.0.3
   Compiling persistence v0.1.0 (C:\Users\Colby\AppData\Local\Temp\opencode\r4_32_clean\crates\persistence)
   Compiling chunked_transfer v1.5.0
   Compiling tempfile v3.27.0
   Compiling tiny_http v0.12.0
   Compiling hyper-rustls v0.27.9
   Compiling pgp v0.16.0
   Compiling reqwest v0.12.28
   Compiling runtime v0.1.0 (C:\Users\Colby\AppData\Local\Temp\opencode\r4_32_clean\crates\runtime)
   Compiling subscriptions v0.1.0 (C:\Users\Colby\AppData\Local\Temp\opencode\r4_32_clean\crates\subscriptions)
   Compiling core_adapters v0.1.0 (C:\Users\Colby\AppData\Local\Temp\opencode\r4_32_clean\crates\core_adapters)
   Compiling updater v0.1.0 (C:\Users\Colby\AppData\Local\Temp\opencode\r4_32_clean\crates\updater)
   Compiling application v0.1.0 (C:\Users\Colby\AppData\Local\Temp\opencode\r4_32_clean\crates\application)
   Compiling upgrade_runner v0.1.0 (C:\Users\Colby\AppData\Local\Temp\opencode\r4_32_clean\services\upgrade_runner)
    Finished `test` profile [unoptimized + debuginfo] target(s) in 30.78s
     Running tests\self_update.rs (target\debug\deps\self_update-0a6304b6964054ef.exe)

running 4 tests
test crash_between_renames_is_recovered ... ok
test commit_rename_failure_leaves_install_usable ... ok
test digest_mismatch_aborts_without_touching_install ... ok
错误: 不支持输入重新定向，立即退出此进程。
test self_update_replaces_and_backs_up_then_restarts ... ok

test result: ok. 4 passed; 0 failed; 0 ignored; 0 measured; 0 filtered out; finished in 0.44s

