     Running unittests src\lib.rs (target\debug\deps\subscriptions-8597b4a37b92b42a.exe)
running 61 tests
test merge::tests::parse_error_preserves_existing ... ok
test parse::tests::unknown_content_reports_error ... ok
test result: ok. 61 passed; 0 failed; 0 ignored; 0 measured; 0 filtered out; finished in 0.01s
     Running tests\download.rs (target\debug\deps\download-18928fa771b9605a.exe)
running 11 tests
test non_success_status_is_an_error ... ok
test result: ok. 11 passed; 0 failed; 0 ignored; 0 measured; 0 filtered out; finished in 0.18s
     Running tests\fmt_roundtrip.rs (target\debug\deps\fmt_roundtrip-e005b1a3058c72d9.exe)
running 23 tests
test unsupported_and_empty_inputs_error ... ok
test result: ok. 23 passed; 0 failed; 0 ignored; 0 measured; 0 filtered out; finished in 0.00s
     Running tests\parity_original_inner.rs (target\debug\deps\parity_original_inner-dfe72b222f1d1c80.exe)
running 9 tests
test result: ok. 9 passed; 0 failed; 0 ignored; 0 measured; 0 filtered out; finished in 0.00s
     Running tests\parse_pipeline.rs (target\debug\deps\parse_pipeline-1a04d1178ae9f2d1.exe)
running 13 tests
test result: ok. 13 passed; 0 failed; 0 ignored; 0 measured; 0 filtered out; finished in 0.00s
running 0 tests
test result: ok. 0 passed; 0 failed; 0 ignored; 0 measured; 0 filtered out; finished in 0.00s
